  Input file(s): qmc_short_pp_msdj.xml 

=====================================================
                    QMCPACK 3.1.0 

  (c) Copyright 2003-  QMCPACK developers            

  Git branch: HEAD
  Last git commit: 146d920cf33590eac6a7a976f88871c1fe6418a6
  Last commit date: Wed Jun 21 10:39:26 2017 -0400
=====================================================
  Global options 
  async_swap=0 : using blocking send/recv for walker swaps 

  MPI Nodes            = 512
  MPI Nodes per group  = 512
  MPI Group ID         = 0
  OMP_NUM_THREADS      = 32

  Precision used in this calculation, see definitions in the manual:
  Base precision      = double
  Full precision      = double

  Input XML = qmc_short_pp_msdj.xml

  Project = C2_TZ_PP_MSDJ
  date    = 2017-10-21 01:45:33 UTC
  host    = Q04-I7-J01

  DO NOT READ DENSITY
  Offset for the random number seeds based on time 701
  Random number offset = 701  seeds = 5303-189043
  Creating ion0 particleset
  All the species have the same mass 1
Particles are grouped. Safe to use groups 
ion0
  Creating e particleset
  All the species have the same mass 1
Particles are grouped. Safe to use groups 
e
 Adding WavefunctionFactory for psi0
Using MolecularBasisBuilder<NGOBuilder>
<input node="basisset"  name="LCAOBSet"/>
  Distance table for AA: source/target = e
    PBC=open Orthorhombic=NA
 using Cartesian coordinates with 
  ... ParticleSet::addTable Create Table #0 e_e
  Distance table for AB: source = ion0 target = e
    PBC=open Orthorhombic=NA
 using Cartesian coordinates 
  ... ParticleSet::addTable Create Table #1 ion0_e
<input node="atomicBasisSet"  name="Gaussian-G2"  angular="cartesian"  type="Gaussian"  elementType="C"  normalized="no"/>
  AO BasisSet for C
   Angular momentum expanded in cartesian functions x^lx y^ly z^lz according to Gamess
Using log grid with default values: ri = 1e-06 rf = 100 npts = 1001
   R(n,l,m,s) 0 0 0 0
Expanding Ylm (angular function) according to Gamess using cartesian gaussians
    Gaussian exponent = 0.051344
              contraction=0.013991 nomralized contraction = 0.00381269
    Gaussian exponent = 0.102619
              contraction=0.169852 nomralized contraction = 0.0778048
    Gaussian exponent = 0.2051
              contraction=0.397529 nomralized contraction = 0.306096
    Gaussian exponent = 0.409924
              contraction=0.380369 nomralized contraction = 0.49232
    Gaussian exponent = 0.819297
              contraction=0.180113 nomralized contraction = 0.391869
    Gaussian exponent = 1.63749
              contraction=-0.033512 nomralized contraction = -0.12256
    Gaussian exponent = 3.27279
              contraction=-0.121499 nomralized contraction = -0.746924
    Gaussian exponent = 6.54119
              contraction=0.015176 nomralized contraction = 0.156825
    Gaussian exponent = 13.0736
              contraction=-0.000705 nomralized contraction = -0.0122462
Adding 1 cartesian gaussian orbitals for l= 0
   R(n,l,m,s) 1 0 0 0
Expanding Ylm (angular function) according to Gamess using cartesian gaussians
    Gaussian exponent = 0.921552
              contraction=1 nomralized contraction = 2.37632
	Setting GridManager of 1 radial orbital to false
Adding 1 cartesian gaussian orbitals for l= 0
   R(n,l,m,s) 2 0 0 0
Expanding Ylm (angular function) according to Gamess using cartesian gaussians
    Gaussian exponent = 0.1328
              contraction=1 nomralized contraction = 0.555794
	Setting GridManager of 2 radial orbital to false
Adding 1 cartesian gaussian orbitals for l= 0
   R(n,l,m,s) 3 1 0 0
Expanding Ylm (angular function) according to Gamess using cartesian gaussians
    Gaussian exponent = 0.029281
              contraction=0.001787 nomralized contraction = 6.31453e-05
    Gaussian exponent = 0.058547
              contraction=0.050426 nomralized contraction = 0.00423662
    Gaussian exponent = 0.117063
              contraction=0.191634 nomralized contraction = 0.0382808
    Gaussian exponent = 0.234064
              contraction=0.302667 nomralized contraction = 0.143753
    Gaussian exponent = 0.468003
              contraction=0.289868 nomralized contraction = 0.327337
    Gaussian exponent = 0.935757
              contraction=0.210979 nomralized contraction = 0.566471
    Gaussian exponent = 1.87102
              contraction=0.112024 nomralized contraction = 0.715142
    Gaussian exponent = 3.74104
              contraction=0.054425 nomralized contraction = 0.826081
    Gaussian exponent = 7.48008
              contraction=0.021931 nomralized contraction = 0.791453
	Setting GridManager of 3 radial orbital to false
Adding 3 cartesian gaussian orbitals for l= 1
   R(n,l,m,s) 4 1 0 0
Expanding Ylm (angular function) according to Gamess using cartesian gaussians
    Gaussian exponent = 0.126772
              contraction=1 nomralized contraction = 0.22068
	Setting GridManager of 4 radial orbital to false
Adding 3 cartesian gaussian orbitals for l= 1
   R(n,l,m,s) 5 1 0 0
Expanding Ylm (angular function) according to Gamess using cartesian gaussians
    Gaussian exponent = 0.376742
              contraction=1 nomralized contraction = 0.861072
	Setting GridManager of 5 radial orbital to false
Adding 3 cartesian gaussian orbitals for l= 1
   R(n,l,m,s) 6 2 0 0
Expanding Ylm (angular function) according to Gamess using cartesian gaussians
    Gaussian exponent = 0.329486
              contraction=1 nomralized contraction = 0.37389
	Setting GridManager of 6 radial orbital to false
Adding 6 cartesian gaussian orbitals for l= 2
   R(n,l,m,s) 7 2 0 0
Expanding Ylm (angular function) according to Gamess using cartesian gaussians
    Gaussian exponent = 1.14161
              contraction=1 nomralized contraction = 3.28993
	Setting GridManager of 7 radial orbital to false
Adding 6 cartesian gaussian orbitals for l= 2
   R(n,l,m,s) 8 3 0 0
Expanding Ylm (angular function) according to Gamess using cartesian gaussians
    Gaussian exponent = 0.773485
              contraction=1 nomralized contraction = 1.10669
	Setting GridManager of 8 radial orbital to false
Adding 10 cartesian gaussian orbitals for l= 3
   Maximu Angular Momentum   = 3
   Number of Radial functors = 9
   Basis size                = 34

Built BasisSetBuilder "LCAOBSet" of type molecularorbital
Creating SPOSet in SlaterDetBuilder::put(xmlNodePtr cur).
spo_name = spo-up
 Building SPOset spo-up with LCAOBSet basis set.
Creating LCOrbitalSet with the input coefficients
SPO coefficients are applied by a single dgemm (BLAS3)
Creating SPOSet in SlaterDetBuilder::put(xmlNodePtr cur).
spo_name = spo-dn
 Building SPOset spo-dn with LCAOBSet basis set.
Creating LCOrbitalSet with the input coefficients
SPO coefficients are applied by a single dgemm (BLAS3)
  At least one SPO Set requires precomputed distance tables.
Using Bryan's algorithm for MultiSlaterDeterminant expansion. 
Creating base determinant (up) for MSD expansion. 
Creating base determinant (down) for MSD expansion. 
Found determinant list. 
Reading CI expansion.
Found 189 terms in the MSD expansion.
Norm of ci vector (sum of ci^2): 1
Norm of qchem ci vector (sum of qchem_ci^2): 1
Found 25 unique up determinants.
Found 24 unique down determinants.
Number of terms in pairs array: 18
Number of terms in pairs array: 18
CI coefficients are not optimizable. 
  FermionWF=MultiSlaterDeterminantFast
  BsplineJastrowBuilder adds a functor with cusp = -0.25
 size = 10 parameters 
 cusp = -0.25
 rcut = 10
Parameter     Name      Value
uu_0 0.33563 1 1  ON 0
uu_1 0.155607 1 1  ON 1
uu_2 0.0321721 1 1  ON 2
uu_3 -0.0502053 1 1  ON 3
uu_4 -0.102227 1 1  ON 4
uu_5 -0.129206 1 1  ON 5
uu_6 -0.133657 1 1  ON 6
uu_7 -0.131057 1 1  ON 7
uu_8 -0.0651474 1 1  ON 8
uu_9 0.0258479 1 1  ON 9
  BsplineJastrowBuilder adds a functor with cusp = -0.5
 size = 10 parameters 
 cusp = -0.5
 rcut = 10
Parameter     Name      Value
ud_0 0.436643 1 1  ON 0
ud_1 0.121947 1 1  ON 1
ud_2 -0.0187886 1 1  ON 2
ud_3 -0.0760995 1 1  ON 3
ud_4 -0.0996293 1 1  ON 4
ud_5 -0.111022 1 1  ON 5
ud_6 -0.11502 1 1  ON 6
ud_7 -0.108275 1 1  ON 7
ud_8 -0.0797235 1 1  ON 8
ud_9 -0.0110235 1 1  ON 9

  Using BsplineBuilder for one-body jastrow with B-spline functions
  ... ParticleSet::addTable Reuse Table #1 ion0_e
  ... ParticleSet::addTable Reuse Table #1 ion0_e
 size = 10 parameters 
 cusp = 0
 rcut = 10
Parameter     Name      Value
eC_0 -0.497748 1 1  ON 0
eC_1 -0.354533 1 1  ON 1
eC_2 -0.137752 1 1  ON 2
eC_3 0.0520689 1 1  ON 3
eC_4 0.175432 1 1  ON 4
eC_5 0.213963 1 1  ON 5
eC_6 0.212608 1 1  ON 6
eC_7 0.220108 1 1  ON 7
eC_8 0.102084 1 1  ON 8
eC_9 0.00828436 1 1  ON 9
  ... ParticleSet::addTable Reuse Table #1 ion0_e
Parameter     Name      Value
uuC_0 0.0019815 1 1  ON 0
uuC_1 0.0156671 1 1  ON 1
uuC_2 0.0102749 1 1  ON 2
uuC_3 0.00609556 1 1  ON 3
uuC_4 0.00490415 1 1  ON 4
uuC_5 0.009015 1 1  ON 5
uuC_6 0.00107932 1 1  ON 6
uuC_7 0.00106184 1 1  ON 7
uuC_8 -0.00870127 1 1  ON 8
uuC_9 0.0205219 1 1  ON 9
uuC_10 0.00366755 1 1  ON 10
uuC_11 0.00110799 1 1  ON 11
uuC_12 -0.00505657 1 1  ON 12
uuC_13 0.0128981 1 1  ON 13
uuC_14 0.00534855 1 1  ON 14
uuC_15 0.0134494 1 1  ON 15
uuC_16 0.0112298 1 1  ON 16
uuC_17 0.00466579 1 1  ON 17
uuC_18 0.00299373 1 1  ON 18
uuC_19 -0.00106622 1 1  ON 19
uuC_20 0.0158258 1 1  ON 20
uuC_21 0.00563463 1 1  ON 21
uuC_22 0.00409091 1 1  ON 22
uuC_23 0.00528915 1 1  ON 23
uuC_24 0.00167712 1 1  ON 24
uuC_25 0.00243172 1 1  ON 25
Parameter     Name      Value
udC_0 -0.00756807 1 1  ON 0
udC_1 0.0380559 1 1  ON 1
udC_2 -0.0132141 1 1  ON 2
udC_3 0.0293079 1 1  ON 3
udC_4 0.00536585 1 1  ON 4
udC_5 -0.0114503 1 1  ON 5
udC_6 0.00240383 1 1  ON 6
udC_7 0.0112499 1 1  ON 7
udC_8 0.00784143 1 1  ON 8
udC_9 -0.00519137 1 1  ON 9
udC_10 0.00968517 1 1  ON 10
udC_11 0.00642672 1 1  ON 11
udC_12 -0.00449511 1 1  ON 12
udC_13 -0.00551814 1 1  ON 13
udC_14 -0.012783 1 1  ON 14
udC_15 0.00412883 1 1  ON 15
udC_16 -0.0072203 1 1  ON 16
udC_17 -0.000208779 1 1  ON 17
udC_18 -0.000354649 1 1  ON 18
udC_19 0.00365245 1 1  ON 19
udC_20 -0.027774 1 1  ON 20
udC_21 -0.00595341 1 1  ON 21
udC_22 0.0124756 1 1  ON 22
udC_23 -0.0207517 1 1  ON 23
udC_24 -0.00489057 1 1  ON 24
udC_25 0.00793293 1 1  ON 25
  QMCHamiltonian::addOperator Kinetic to H, physical Hamiltonian 

  ECPotential builder for pseudopotential 

  Adding pseudopotential for C
   Linear grid  ri=0 rf=10 npts = 10001
    ECPComponentBuilder::buildSemiLocalAndLocal 
    Assuming Hartree unit
   Number of angular momentum channels 2
   Maximum angular momentum channel 1
   Creating a Linear Grid Rmax=1.7
  Using global grid with delta = 0.001
   Making L=1 a local potential with a radial cutoff of 9.999
    Non-local pseudopotential parameters
    Maximum angular mementum = 0
    Number of non-local channels = 1
       l(0)=0
    Cutoff radius = 1.7
    Spherical grids and weights: 
                        1                 0                 0       0.08333333333
                       -1   1.224646799e-16                 0       0.08333333333
             0.4472135955       0.894427191                 0       0.08333333333
            -0.4472135955      0.7236067977      0.5257311121       0.08333333333
             0.4472135955      0.2763932023      0.8506508084       0.08333333333
            -0.4472135955     -0.2763932023      0.8506508084       0.08333333333
             0.4472135955     -0.7236067977      0.5257311121       0.08333333333
            -0.4472135955      -0.894427191   1.095357397e-16       0.08333333333
             0.4472135955     -0.7236067977     -0.5257311121       0.08333333333
            -0.4472135955     -0.2763932023     -0.8506508084       0.08333333333
             0.4472135955      0.2763932023     -0.8506508084       0.08333333333
            -0.4472135955      0.7236067977     -0.5257311121       0.08333333333
    Maximum cutoff radius 1.7
  ... ParticleSet::addTable Reuse Table #1 ion0_e
  QMCHamiltonian::addOperator LocalECP to H, physical Hamiltonian 
  ... ParticleSet::addTable Reuse Table #1 ion0_e
  ... ParticleSet::addTable Reuse Table #1 ion0_e

  Using NonLocalECP potential 
    Maximum grid on a sphere for NonLocalECPotential: 12
  QMCHamiltonian::addOperator NonLocalECP to H, physical Hamiltonian 
QMCHamiltonian::addOperatorType added type pseudo named PseudoPot
  Distance table for AA: source/target = ion0
    PBC=open Orthorhombic=NA
 using Cartesian coordinates with 
  ... ParticleSet::addTable Create Table #0 ion0_ion0
  QMCHamiltonian::addOperator IonIon to H, physical Hamiltonian 
QMCHamiltonian::addOperatorType added type coulomb named IonIon
  ... ParticleSet::addTable Reuse Table #0 e_e
  QMCHamiltonian::addOperator ElecElec to H, physical Hamiltonian 
QMCHamiltonian::addOperatorType added type coulomb named ElecElec

  QMCHamiltonian::add2WalkerProperty added
    5 to P::PropertyList 
    0 to P::Collectables 
    starting Index of the observables in P::PropertyList = 9
  Hamiltonian disables VirtualMoves
ParticleSetPool::randomize 
<init source="ion0" target="e">
  ... ParticleSet::addTable Reuse Table #0 ion0_ion0
</init>
=========================================================
 Summary of QMC systems 
=========================================================
ParticleSetPool has: 

  ParticleSet e : 0 4 8 

    8

    u -8.0099663284e-01  1.6469140425e-01 -4.6196199339e-01
    u  7.4106875950e-01  5.6777033361e-01  1.0286734056e-01
    u  2.9823984539e+00 -6.5264706973e-01  2.3188505857e-01
    u  2.9164313516e+00 -1.7847585139e-01 -7.2609020309e-01
    d -1.6609445216e-01  8.0813288942e-01  4.4884475466e-01
    d  7.6329725136e-01  5.4038653832e-01  8.6530012419e-02
    d  2.7254415351e+00 -3.5232867399e-01  7.8457720621e-01
    d  2.9941333916e+00  1.3224584728e-01  6.6873307390e-01

  ParticleSet ion0 : 0 2 

    2

    C  0.0000000000e+00  0.0000000000e+00  0.0000000000e+00
    C  2.3480414016e+00  0.0000000000e+00  0.0000000000e+00

  Hamiltonian h0
  Kinetic         Kinetic energy
  LocalECP        LocalECPotential: ion0
  NonLocalECP     NonLocalECPotential: ion0
  IonIon          CoulombAA source/target ion0

  ElecElec        CoulombAA source/target e


=========================================================
  Start VMCSingleOMP
  File Root C2_TZ_PP_MSDJ.s001 append = no 
=========================================================
  Adding 32 walkers to 0 existing sets
  Total number of walkers: 1.6384000000e+04
  Total weight: 1.6384000000e+04
  Resetting Properties of the walkers 1 x 14

<vmc function="put">
  qmc_counter=0  my_counter=0
  time step      = 5.0000000000e-01
  blocks         = 500
  steps          = 20
  substeps       = 5
  current        = 0
  target samples = 0.0000000000e+00
  walkers/mpi    = 32

  stepsbetweensamples = 10020
<parameter name="blocks" condition="int">500</parameter>
<parameter name="blocks_between_recompute" condition="int">0</parameter>
<parameter name="check_properties" condition="int">100</parameter>
<parameter name="checkproperties" condition="int">100</parameter>
<parameter name="current" condition="int">0</parameter>
<parameter name="dmcwalkersperthread" condition="real">0.0000000000e+00</parameter>
<parameter name="maxcpusecs" condition="real">3.6000000000e+05</parameter>
<parameter name="record_configs" condition="int">0</parameter>
<parameter name="record_walkers" condition="int">10020</parameter>
<parameter name="recordconfigs" condition="int">0</parameter>
<parameter name="recordwalkers" condition="int">10020</parameter>
<parameter name="rewind" condition="int">0</parameter>
<parameter name="samples" condition="real">0.0000000000e+00</parameter>
<parameter name="samplesperthread" condition="real">0.0000000000e+00</parameter>
<parameter name="steps" condition="int">20</parameter>
<parameter name="stepsbetweensamples" condition="int">10020</parameter>
<parameter name="store_configs" condition="int">0</parameter>
<parameter name="storeconfigs" condition="int">0</parameter>
<parameter name="sub_steps" condition="int">5</parameter>
<parameter name="substeps" condition="int">5</parameter>
<parameter name="tau" condition="au">5.0000000000e-01</parameter>
<parameter name="time_step" condition="au">5.0000000000e-01</parameter>
<parameter name="timestep" condition="au">5.0000000000e-01</parameter>
<parameter name="use_drift" condition="string">yes</parameter>
<parameter name="usedrift" condition="string">yes</parameter>
<parameter name="walkers" condition="int">32</parameter>
<parameter name="warmup_steps" condition="int">10</parameter>
<parameter name="warmupsteps" condition="int">10</parameter>
  DumpConfig==false Nothing (configurations, state) will be saved.
  Walker Samples are dumped every 10020 steps.
</vmc>
  CloneManager::makeClones makes 32 clones for W/Psi/H.
  Cloning methods for both Psi and H are used
  Initial partition of walkers 0 1 2 3 4 5 6 7 8 9 10 11 12 13 14 15 16 17 18 19 20 21 22 23 24 25 26 27 28 29 30 31 32 
  PbyP moves with drift, using VMCUpdatePbyPWithDriftFast

  Total Sample Size   =0
  Walker distribution on root = 0 1 2 3 4 5 6 7 8 9 10 11 12 13 14 15 16 17 18 19 20 21 22 23 24 25 26 27 28 29 30 31 32 
  Anonymous Buffer size per walker : 3934 in base precision, in total 31472 bytes.
MEMORY increase 0 MB VMCSingleOMP::resetRun
====================================================
  SimpleFixedNodeBranch::finalize after a VMC block
    QMC counter        = 0
    time step          = 0.5
    reference energy   = -11.0631
    reference variance = 0.130203
====================================================
  QMC Execution time = 2.1293e+02 secs 
  Total Execution time = 2.1297e+02 secs

=========================================================
  A new xml input file : C2_TZ_PP_MSDJ.s001.cont.xml
